src/components/dashboard/InternationalStats.tsx(145,79): error TS18048: 'percent' is possibly 'undefined'.
src/components/dashboard/InternationalStats.tsx(174,71): error TS18048: 'percent' is possibly 'undefined'.
